/home/abmul/spark_venv/lib/python3.12/site-packages/pydantic/_internal/_fields.py:184: UserWarning: Field name "name" shadows an attribute in parent "Operation"; 
  warnings.warn(
/home/abmul/spark_venv/lib/python3.12/site-packages/pydantic/_internal/_fields.py:184: UserWarning: Field name "metadata" shadows an attribute in parent "Operation"; 
  warnings.warn(
/home/abmul/spark_venv/lib/python3.12/site-packages/pydantic/_internal/_fields.py:184: UserWarning: Field name "done" shadows an attribute in parent "Operation"; 
  warnings.warn(
/home/abmul/spark_venv/lib/python3.12/site-packages/pydantic/_internal/_fields.py:184: UserWarning: Field name "error" shadows an attribute in parent "Operation"; 
  warnings.warn(
INFO:     Will watch for changes in these directories: ['/home/abmul/projects/Market-Analysis']
INFO:     Uvicorn running on http://0.0.0.0:20090 (Press CTRL+C to quit)
INFO:     Started reloader process [5556] using StatReload
/home/abmul/spark_venv/lib/python3.12/site-packages/pydantic/_internal/_fields.py:184: UserWarning: Field name "name" shadows an attribute in parent "Operation"; 
  warnings.warn(
/home/abmul/spark_venv/lib/python3.12/site-packages/pydantic/_internal/_fields.py:184: UserWarning: Field name "metadata" shadows an attribute in parent "Operation"; 
  warnings.warn(
/home/abmul/spark_venv/lib/python3.12/site-packages/pydantic/_internal/_fields.py:184: UserWarning: Field name "done" shadows an attribute in parent "Operation"; 
  warnings.warn(
/home/abmul/spark_venv/lib/python3.12/site-packages/pydantic/_internal/_fields.py:184: UserWarning: Field name "error" shadows an attribute in parent "Operation"; 
  warnings.warn(
INFO:     Started server process [5578]
INFO:     Waiting for application startup.
[2026-09-05 16:29:48,895] INFO - market_analysis - Starting up mutual fund service... (memory: 158.4 MB)
[2026-09-05 16:29:48,897] WARNING - market_analysis - TigZig dataset not found - will download on first ranking request
[2026-09-05 16:29:48,900] INFO - market_analysis - Startup complete (memory: 158.4 -> 158.4 MB)
INFO:     Application startup complete.
INFO:     127.0.0.1:40124 - "GET /help.html HTTP/1.1" 200 OK
